
> lead-life@0.1.0 build C:\Users\ayebe\Documents\GitHub\MBLD\lead-life
> next build

Γû▓ Next.js 16.1.4 (Turbopack)

  Creating an optimized production build ...
Γ£ô Compiled successfully in 4.1s
  Running TypeScript ...
node.exe : Failed to compile.
At C:\Users\ayebe\AppData\Roaming\npm\pnpm.ps1:24 
char:5
+     & "node$exe"  
"$basedir/node_modules/pnpm/bin/pnpm.cjs" $args
+     ~~~~~~~~~~~~~~~~~~~~~~~~~~~~~~~~~~~~~~~~~~~~~
~~~~~~~~~~~~~~~~
    + CategoryInfo          : NotSpecified: (Faile 
   d to compile.:String) [], RemoteException
    + FullyQualifiedErrorId : NativeCommandError
 

.next/dev/types/validator.ts:69:39
Type error: File 'C:/Users/ayebe/Documents/GitHub/M
BLD/lead-life/src/app/(onboarding)/onboarding-login
/page.tsx' is not a module.

[0m [90m 67 |[39m {
 [90m 68 |[39m   type 
__IsExpected[33m<[39m[33mSpecific[39m 
[36mextends[39m [33mAppPageConfig[39m[33m<[39
m[32m"/onboarding-login"[39m[33m>>[39m 
[33m=[39m [33mSpecific[39m
[31m[1m>[22m[39m[90m 69 |[39m   
[36mconst[39m handler [33m=[39m {} 
[36mas[39m [36mtypeof[39m [36mimport[39m([32
m"../../../src/app/(onboarding)/onboarding-login/pa
ge.js"[39m)
 [90m    |[39m                                   
    [31m[1m^[22m[39m
 [90m 70 |[39m   type __Check [33m=[39m 
__IsExpected[33m<[39m[36mtypeof[39m 
handler[33m>[39m
 [90m 71 |[39m   [90m// @ts-ignore[39m
 [90m 72 |[39m   type __Unused [33m=[39m 
__Check[0m
Next.js build worker exited with code: 1 and 
signal: null
ΓÇëELIFECYCLEΓÇë Command failed with exit code 1.
