src/app/api/db/seed/route.ts(14,5): error TS2305: Module '"@/types"' has no exported member 'GroundingModule'.
src/app/onboarding/[companyid]/onboarding/[cohortid]/page.tsx(9,27): error TS2305: Module '"@/types"' has no exported member 'GroundingModule'.
src/app/onboarding/[companyid]/onboarding/[cohortid]/page.tsx(26,43): error TS2551: Property 'getCompany' does not exist on type '{ getDashboardState(): Promise<AdminDashboardState>; getUsers(): Promise<User[]>; getCompanies(): Promise<Company[]>; ... 11 more ...; deleteGroundingItem(collectionName: "grounding_dictionary" | "grounding_library", id: string): Promise<...>; }'. Did you mean 'getCompanies'?
src/app/onboarding/[companyid]/onboarding/[cohortid]/page.tsx(27,43): error TS2551: Property 'getCohort' does not exist on type '{ getDashboardState(): Promise<AdminDashboardState>; getUsers(): Promise<User[]>; getCompanies(): Promise<Company[]>; ... 11 more ...; deleteGroundingItem(collectionName: "grounding_dictionary" | "grounding_library", id: string): Promise<...>; }'. Did you mean 'getCohorts'?
src/app/onboarding/[companyid]/onboarding/[cohortid]/page.tsx(28,43): error TS2339: Property 'getGroundingModules' does not exist on type '{ getDashboardState(): Promise<AdminDashboardState>; getUsers(): Promise<User[]>; getCompanies(): Promise<Company[]>; ... 11 more ...; deleteGroundingItem(collectionName: "grounding_dictionary" | "grounding_library", id: string): Promise<...>; }'.
src/app/onboarding/[companyid]/page.tsx(7,27): error TS2305: Module '"@/types"' has no exported member 'GroundingModule'.
src/app/onboarding/[companyid]/page.tsx(104,43): error TS2339: Property 'getGroundingModules' does not exist on type '{ getDashboardState(): Promise<AdminDashboardState>; getUsers(): Promise<User[]>; getCompanies(): Promise<Company[]>; ... 11 more ...; deleteGroundingItem(collectionName: "grounding_dictionary" | "grounding_library", id: string): Promise<...>; }'.
src/components/features/competency/ArticleSection.tsx(6,10): error TS2305: Module '"@/types"' has no exported member 'ContentItem'.
src/components/features/competency/BISidebar.tsx(6,10): error TS2724: '"@/types"' has no exported member named 'BehavioralIndicatorUI'. Did you mean 'BehavioralIndicator'?
src/components/features/competency/CompetencyDetailView.tsx(103,51): error TS2339: Property 'id' does not exist on type 'LibraryBehavioralIndicator'.
src/components/features/competency/CompetencyDetailView.tsx(107,50): error TS2339: Property 'id' does not exist on type 'LibraryBehavioralIndicator'.
src/components/features/competency/CompetencyDetailView.tsx(124,32): error TS2339: Property 'id' does not exist on type 'LibraryBehavioralIndicator'.
src/components/features/competency/DoPhaseFlow.tsx(101,17): error TS2353: Object literal may only specify known properties, and 'drive_link' does not exist in type 'Omit<Portfolio, "id" | "created_at" | "updated_at">'.
src/components/features/competency/VideoSection.tsx(6,10): error TS2305: Module '"@/types"' has no exported member 'ContentItem'.
src/components/features/dashboard/admin/AdminExaminationsTab.tsx(20,10): error TS2304: Cannot find name 'Card'.
src/components/features/dashboard/admin/AdminExaminationsTab.tsx(21,12): error TS2304: Cannot find name 'CardHeader'.
src/components/features/dashboard/admin/AdminExaminationsTab.tsx(22,14): error TS2304: Cannot find name 'CardTitle'.
src/components/features/dashboard/admin/AdminExaminationsTab.tsx(22,81): error TS2304: Cannot find name 'CardTitle'.
src/components/features/dashboard/admin/AdminExaminationsTab.tsx(23,14): error TS2304: Cannot find name 'CardDescription'.
src/components/features/dashboard/admin/AdminExaminationsTab.tsx(23,108): error TS2304: Cannot find name 'CardDescription'.
src/components/features/dashboard/admin/AdminExaminationsTab.tsx(24,13): error TS2304: Cannot find name 'CardHeader'.
src/components/features/dashboard/admin/AdminExaminationsTab.tsx(25,12): error TS2304: Cannot find name 'CardContent'.
src/components/features/dashboard/admin/AdminExaminationsTab.tsx(27,16): error TS2304: Cannot find name 'Button'.
src/components/features/dashboard/admin/AdminExaminationsTab.tsx(27,61): error TS2304: Cannot find name 'Button'.
src/components/features/dashboard/admin/AdminExaminationsTab.tsx(28,16): error TS2304: Cannot find name 'Button'.
src/components/features/dashboard/admin/AdminExaminationsTab.tsx(30,17): error TS2304: Cannot find name 'Button'.
src/components/features/dashboard/admin/AdminExaminationsTab.tsx(53,13): error TS2304: Cannot find name 'CardContent'.
src/components/features/dashboard/admin/AdminExaminationsTab.tsx(54,11): error TS2304: Cannot find name 'Card'.
src/components/features/dashboard/admin/AdminExaminationsTab.tsx(56,10): error TS2304: Cannot find name 'Card'.
src/components/features/dashboard/admin/AdminExaminationsTab.tsx(57,12): error TS2304: Cannot find name 'CardHeader'.
src/components/features/dashboard/admin/AdminExaminationsTab.tsx(58,14): error TS2304: Cannot find name 'CardTitle'.
src/components/features/dashboard/admin/AdminExaminationsTab.tsx(58,87): error TS2304: Cannot find name 'CardTitle'.
src/components/features/dashboard/admin/AdminExaminationsTab.tsx(59,14): error TS2304: Cannot find name 'CardDescription'.
src/components/features/dashboard/admin/AdminExaminationsTab.tsx(59,102): error TS2304: Cannot find name 'CardDescription'.
src/components/features/dashboard/admin/AdminExaminationsTab.tsx(60,13): error TS2304: Cannot find name 'CardHeader'.
src/components/features/dashboard/admin/AdminExaminationsTab.tsx(61,12): error TS2304: Cannot find name 'CardContent'.
src/components/features/dashboard/admin/AdminExaminationsTab.tsx(76,13): error TS2304: Cannot find name 'CardContent'.
src/components/features/dashboard/admin/AdminExaminationsTab.tsx(77,11): error TS2304: Cannot find name 'Card'.
src/components/features/dashboard/admin/competencies/AdminCompetencyDictionaryTab.tsx(62,41): error TS2353: Object literal may only specify known properties, and 'behaviors' does not exist in type 'DictionaryProficiencyLevel'.
src/components/features/dashboard/admin/competencies/AdminCompetencyDictionaryTab.tsx(63,48): error TS2353: Object literal may only specify known properties, and 'behaviors' does not exist in type 'DictionaryProficiencyLevel'.
src/components/features/dashboard/admin/competencies/AdminCompetencyDictionaryTab.tsx(64,44): error TS2353: Object literal may only specify known properties, and 'behaviors' does not exist in type 'DictionaryProficiencyLevel'.
src/components/features/dashboard/admin/competencies/AdminCompetencyDictionaryTab.tsx(65,42): error TS2353: Object literal may only specify known properties, and 'behaviors' does not exist in type 'DictionaryProficiencyLevel'.
src/components/features/dashboard/admin/competencies/AdminCompetencyDictionaryTab.tsx(78,58): error TS2345: Argument of type '{ name: string; definition: string; importance: string; proficiency_levels: DictionaryProficiencyLevel[]; }' is not assignable to parameter of type 'Omit<CompetencyDictionary, "id" | "created_at" | "updated_at">'.
  Property 'code' is missing in type '{ name: string; definition: string; importance: string; proficiency_levels: DictionaryProficiencyLevel[]; }' but required in type 'Omit<CompetencyDictionary, "id" | "created_at" | "updated_at">'.
src/components/features/dashboard/admin/competencies/AdminCompetencyDictionaryTab.tsx(124,45): error TS2353: Object literal may only specify known properties, and 'behaviors' does not exist in type 'DictionaryProficiencyLevel'.
src/components/features/dashboard/admin/competencies/AdminCompetencyDictionaryTab.tsx(125,52): error TS2353: Object literal may only specify known properties, and 'behaviors' does not exist in type 'DictionaryProficiencyLevel'.
src/components/features/dashboard/admin/competencies/AdminCompetencyDictionaryTab.tsx(126,48): error TS2353: Object literal may only specify known properties, and 'behaviors' does not exist in type 'DictionaryProficiencyLevel'.
src/components/features/dashboard/admin/competencies/AdminCompetencyDictionaryTab.tsx(127,46): error TS2353: Object literal may only specify known properties, and 'behaviors' does not exist in type 'DictionaryProficiencyLevel'.
src/components/features/dashboard/admin/competencies/AdminCompetencyDictionaryTab.tsx(202,63): error TS2339: Property 'behaviors' does not exist on type 'DictionaryProficiencyLevel'.
src/components/features/dashboard/admin/competencies/AdminCompetencyDictionaryTab.tsx(282,77): error TS2339: Property 'behaviors' does not exist on type 'DictionaryProficiencyLevel'.
src/components/features/dashboard/admin/competencies/AdminCompetencyDictionaryTab.tsx(282,111): error TS2339: Property 'behaviors' does not exist on type 'DictionaryProficiencyLevel'.
src/components/features/dashboard/admin/competencies/AdminCompetencyDictionaryTab.tsx(290,52): error TS2339: Property 'behaviors' does not exist on type 'DictionaryProficiencyLevel'.
src/components/features/dashboard/admin/competencies/AdminCompetencyDictionaryTab.tsx(290,67): error TS7006: Parameter 'bi' implicitly has an 'any' type.
src/components/features/dashboard/admin/competencies/AdminCompetencyDictionaryTab.tsx(290,71): error TS7006: Parameter 'biIdx' implicitly has an 'any' type.
src/components/features/dashboard/admin/competencies/AdminCompetencyDictionaryTab.tsx(297,85): error TS2339: Property 'behaviors' does not exist on type 'DictionaryProficiencyLevel'.
src/components/features/dashboard/admin/competencies/AdminCompetencyDictionaryTab.tsx(308,85): error TS2339: Property 'behaviors' does not exist on type 'DictionaryProficiencyLevel'.
src/components/features/dashboard/admin/competencies/AdminCompetencyDictionaryTab.tsx(321,81): error TS2339: Property 'behaviors' does not exist on type 'DictionaryProficiencyLevel'.
src/components/features/dashboard/admin/competencies/AdminCompetencyLibraryTab.tsx(363,85): error TS2339: Property 'behaviors' does not exist on type 'DictionaryProficiencyLevel'.
src/components/features/dashboard/admin/competencies/AdminCompetencyLibraryTab.tsx(363,99): error TS7006: Parameter 'bi' implicitly has an 'any' type.
src/components/features/dashboard/CompetencyDictionarySidebar.tsx(18,10): error TS2305: Module '"@/types"' has no exported member 'CompetencyFramework'.
src/components/features/dashboard/CompetencyDictionarySidebar.tsx(18,31): error TS2724: '"@/types"' has no exported member named 'CompetencyDirectory'. Did you mean 'CompetencyDictionary'?
src/components/features/dashboard/CompetencyDictionarySidebar.tsx(114,48): error TS7006: Parameter 'c' implicitly has an 'any' type.
src/components/features/dashboard/CompetencyDictionarySidebar.tsx(118,56): error TS7006: Parameter 'c' implicitly has an 'any' type.
src/components/features/dashboard/CompetencyDictionarySidebar.tsx(132,63): error TS7006: Parameter 'c' implicitly has an 'any' type.
src/components/features/dashboard/CompetencyDictionarySidebar.tsx(241,63): error TS7006: Parameter 'lvl' implicitly has an 'any' type.
src/components/features/dashboard/CompetencyDictionarySidebar.tsx(241,68): error TS7006: Parameter 'idx' implicitly has an 'any' type.
src/components/features/dashboard/CompetencyDictionarySidebar.tsx(258,58): error TS7006: Parameter 'bi' implicitly has an 'any' type.
src/components/features/dashboard/CompetencyDictionarySidebar.tsx(258,62): error TS7006: Parameter 'biIdx' implicitly has an 'any' type.
src/components/features/dashboard/CompetencyDictionarySidebar.tsx(336,52): error TS7006: Parameter 'comp' implicitly has an 'any' type.
